******************************************************************************
                  TI ARM Linker PC v16.9.1                     
******************************************************************************
>> Linked Sat Sep 09 17:31:38 2017

OUTPUT FILE NAME:   <test_uart.out>
ENTRY POINT SYMBOL: "_c_int00"  address: 00000779


MEMORY CONFIGURATION

         name            origin    length      used     unused   attr    fill
----------------------  --------  ---------  --------  --------  ----  --------
  FLASH                 00000000   00040000  000008de  0003f722  R  X
  SRAM                  20000000   00008000  00000219  00007de7  RW X


SEGMENT ALLOCATION MAP

run origin  load origin   length   init length attrs members
----------  ----------- ---------- ----------- ----- -------
00000000    00000000    000008e4   000008e4    r-x
  00000000    00000000    0000026c   0000026c    r-- .intvecs
  0000026c    0000026c    0000064e   0000064e    r-x .text
  000008c0    000008c0    00000024   00000024    r-- .cinit
20000000    20000000    00000219   00000000    rw-
  20000000    20000000    00000200   00000000    rw- .stack
  20000200    20000200    00000019   00000000    rw- .data


SECTION ALLOCATION MAP

 output                                  attributes/
section   page    origin      length       input sections
--------  ----  ----------  ----------   ----------------
.intvecs   0    00000000    0000026c     
                  00000000    0000026c     tm4c123gh6pm_startup_ccs.obj (.intvecs)

.text      0    0000026c    0000064e     
                  0000026c    000001dc     tp_transiver.obj (.text)
                  00000448    000000e4     hello.obj (.text)
                  0000052c    000000d8     uart.obj (.text)
                  00000604    0000009c     rtsv7M4_T_le_v4SPD16_eabi.lib : memcpy_t2.obj (.text)
                  000006a0    00000070                                   : autoinit.obj (.text)
                  00000710    00000068                                   : copy_decompress_lzss.obj (.text:decompress:lzss)
                  00000778    00000054                                   : boot.obj (.text)
                  000007cc    00000054                                   : exit.obj (.text)
                  00000820    0000004c                                   : cpy_tbl.obj (.text)
                  0000086c    00000018                                   : args_main.obj (.text)
                  00000884    00000014                                   : _lock.obj (.text)
                  00000898    0000000e                                   : copy_decompress_none.obj (.text:decompress:none)
                  000008a6    0000000c     tm4c123gh6pm_startup_ccs.obj (.text)
                  000008b2    00000004     rtsv7M4_T_le_v4SPD16_eabi.lib : pre_init.obj (.text)
                  000008b6    00000002                                   : mpu_init.obj (.text)
                  000008b8    00000002                                   : startup.obj (.text)

.cinit     0    000008c0    00000024     
                  000008c0    00000011     (.cinit..data.load) [load image, compression = lzss]
                  000008d1    00000003     --HOLE-- [fill = 0]
                  000008d4    00000008     (__TI_handler_table)
                  000008dc    00000008     (__TI_cinit_table)

.init_array 
*          0    00000000    00000000     UNINITIALIZED

.stack     0    20000000    00000200     UNINITIALIZED
                  20000000    00000200     --HOLE--

.data      0    20000200    00000019     UNINITIALIZED
                  20000200    0000000c     rtsv7M4_T_le_v4SPD16_eabi.lib : exit.obj (.data:$O1$$)
                  2000020c    00000008                                   : _lock.obj (.data:$O1$$)
                  20000214    00000004                                   : stkdepth_vars.obj (.data)
                  20000218    00000001     tp_transiver.obj (.data)

MODULE SUMMARY

       Module                         code   ro data   rw data
       ------                         ----   -------   -------
    .\
       tm4c123gh6pm_startup_ccs.obj   12     620       0      
       tp_transiver.obj               476    0         1      
       hello.obj                      228    0         0      
       uart.obj                       216    0         0      
    +--+------------------------------+------+---------+---------+
       Total:                         932    620       1      
                                                              
    C:\ti\ccsv7\tools\compiler\ti-cgt-arm_16.9.1.LTS\lib\rtsv7M4_T_le_v4SPD16_eabi.lib
       memcpy_t2.obj                  156    0         0      
       autoinit.obj                   112    0         0      
       copy_decompress_lzss.obj       104    0         0      
       exit.obj                       84     0         12     
       boot.obj                       84     0         0      
       cpy_tbl.obj                    76     0         0      
       _lock.obj                      20     0         8      
       args_main.obj                  24     0         0      
       copy_decompress_none.obj       14     0         0      
       pre_init.obj                   4      0         0      
       stkdepth_vars.obj              0      0         4      
       mpu_init.obj                   2      0         0      
       startup.obj                    2      0         0      
    +--+------------------------------+------+---------+---------+
       Total:                         682    0         24     
                                                              
       Stack:                         0      0         512    
       Linker Generated:              0      33        0      
    +--+------------------------------+------+---------+---------+
       Grand Total:                   1614   653       537    


LINKER GENERATED COPY TABLES

__TI_cinit_table @ 000008dc records: 1, size/record: 8, table size: 8
	.data: load addr=000008c0, load size=00000011 bytes, run addr=20000200, run size=00000019 bytes, compression=lzss


LINKER GENERATED HANDLER TABLE

__TI_handler_table @ 000008d4 records: 2, size/record: 4, table size: 8
	index: 0, handler: __TI_decompress_lzss
	index: 1, handler: __TI_decompress_none


GLOBAL SYMBOLS: SORTED ALPHABETICALLY BY Name 

address   name                           
-------   ----                           
000007cd  C$$EXIT                        
000008a7  ResetISR                       
UNDEFED   SHT$$INIT_ARRAY$$Base          
UNDEFED   SHT$$INIT_ARRAY$$Limit         
20000200  __STACK_END                    
00000200  __STACK_SIZE                   
20000200  __STACK_TOP                    
000008dc  __TI_CINIT_Base                
000008e4  __TI_CINIT_Limit               
000008d4  __TI_Handler_Table_Base        
000008dc  __TI_Handler_Table_Limit       
000006a1  __TI_auto_init                 
20000200  __TI_cleanup_ptr               
00000711  __TI_decompress_lzss           
00000899  __TI_decompress_none           
20000204  __TI_dtors_ptr                 
20000208  __TI_enable_exit_profile_output
ffffffff  __TI_pprof_out_hndl            
ffffffff  __TI_prof_data_size            
ffffffff  __TI_prof_data_start           
00000000  __TI_static_base__             
00000605  __aeabi_memcpy                 
00000605  __aeabi_memcpy4                
00000605  __aeabi_memcpy8                
ffffffff  __binit__                      
ffffffff  __c_args__                     
000008b7  __mpu_init                     
20000000  __stack                        
0000086d  _args_main                     
00000779  _c_int00                       
2000020c  _lock                          
00000893  _nop                           
0000088b  _register_lock                 
00000885  _register_unlock               
000008b9  _system_post_cinit             
000008b3  _system_pre_init               
20000210  _unlock                        
000007d1  abort                          
ffffffff  binit                          
00000821  copy_in                        
000007d9  exit                           
00000000  g_pfnVectors                   
00000449  main                           
20000214  main_func_sp                   
00000605  memcpy                         
00000549  printChar                      
00000565  printString                    
0000052d  readChar                       
0000026d  tp_sender                      
000005c5  uart_tpRecevFrame              
0000058f  uart_tpSendFrame               


GLOBAL SYMBOLS: SORTED BY Symbol Address 

address   name                           
-------   ----                           
00000000  __TI_static_base__             
00000000  g_pfnVectors                   
00000200  __STACK_SIZE                   
0000026d  tp_sender                      
00000449  main                           
0000052d  readChar                       
00000549  printChar                      
00000565  printString                    
0000058f  uart_tpSendFrame               
000005c5  uart_tpRecevFrame              
00000605  __aeabi_memcpy                 
00000605  __aeabi_memcpy4                
00000605  __aeabi_memcpy8                
00000605  memcpy                         
000006a1  __TI_auto_init                 
00000711  __TI_decompress_lzss           
00000779  _c_int00                       
000007cd  C$$EXIT                        
000007d1  abort                          
000007d9  exit                           
00000821  copy_in                        
0000086d  _args_main                     
00000885  _register_unlock               
0000088b  _register_lock                 
00000893  _nop                           
00000899  __TI_decompress_none           
000008a7  ResetISR                       
000008b3  _system_pre_init               
000008b7  __mpu_init                     
000008b9  _system_post_cinit             
000008d4  __TI_Handler_Table_Base        
000008dc  __TI_CINIT_Base                
000008dc  __TI_Handler_Table_Limit       
000008e4  __TI_CINIT_Limit               
20000000  __stack                        
20000200  __STACK_END                    
20000200  __STACK_TOP                    
20000200  __TI_cleanup_ptr               
20000204  __TI_dtors_ptr                 
20000208  __TI_enable_exit_profile_output
2000020c  _lock                          
20000210  _unlock                        
20000214  main_func_sp                   
ffffffff  __TI_pprof_out_hndl            
ffffffff  __TI_prof_data_size            
ffffffff  __TI_prof_data_start           
ffffffff  __binit__                      
ffffffff  __c_args__                     
ffffffff  binit                          
UNDEFED   SHT$$INIT_ARRAY$$Base          
UNDEFED   SHT$$INIT_ARRAY$$Limit         

[51 symbols]
